<div class="hello">Hello, World!</div>

<div class="goodbye">Goodbye, World!</div>
